--------------------------------------------------------------------------------
Release 14.7 Trace  (nt64)
Copyright (c) 1995-2013 Xilinx, Inc.  All rights reserved.

f:\Xilinx\14.7\ISE_DS\ISE\bin\nt64\unwrapped\trce.exe -intstyle ise -v 3 -s 4
-n 3 -fastpaths -xml manage.twx manage.ncd -o manage.twr manage.pcf -ucf
FPGA.ucf -ucf DIPSwitch.ucf -ucf VGA.ucf -ucf BUTTON_SWITCH.ucf

Design file:              manage.ncd
Physical constraint file: manage.pcf
Device,package,speed:     xc3s400,pq208,-4 (PRODUCTION 1.39 2013-10-13)
Report level:             verbose report

Environment Variable      Effect 
--------------------      ------ 
NONE                      No environment variables were set
--------------------------------------------------------------------------------

INFO:Timing:2698 - No timing constraints found, doing default enumeration.
INFO:Timing:3412 - To improve timing, see the Timing Closure User Guide (UG612).
INFO:Timing:2752 - To get complete path coverage, use the unconstrained paths 
   option. All paths that are not constrained will be reported in the 
   unconstrained paths section(s) of the report.
INFO:Timing:3339 - The clock-to-out numbers in this timing report are based on 
   a 50 Ohm transmission line loading model.  For the details of this model, 
   and for more information on accounting for different loading conditions, 
   please see the device datasheet.
INFO:Timing:3390 - This architecture does not support a default System Jitter 
   value, please add SYSTEM_JITTER constraint to the UCF to modify the Clock 
   Uncertainty calculation.
INFO:Timing:3389 - This architecture does not support 'Discrete Jitter' and 
   'Phase Error' calculations, these terms will be zero in the Clock 
   Uncertainty calculation.  Please make appropriate modification to 
   SYSTEM_JITTER to account for the unsupported Discrete Jitter and Phase 
   Error.



Data Sheet report:
-----------------
All values displayed in nanoseconds (ns)

Clock PushButton4<0> to Pad
------------+------------+-------------------+--------+
            | clk (edge) |                   | Clock  |
Destination |   to PAD   |Internal Clock(s)  | Phase  |
------------+------------+-------------------+--------+
o_color<0>  |   24.665(R)|PushButton4_0_BUFGP|   0.000|
o_color<1>  |   25.728(R)|PushButton4_0_BUFGP|   0.000|
o_color<2>  |   25.698(R)|PushButton4_0_BUFGP|   0.000|
o_color<3>  |   25.695(R)|PushButton4_0_BUFGP|   0.000|
o_color<4>  |   25.698(R)|PushButton4_0_BUFGP|   0.000|
o_color<5>  |   24.033(R)|PushButton4_0_BUFGP|   0.000|
o_color<6>  |   24.392(R)|PushButton4_0_BUFGP|   0.000|
o_color<7>  |   24.402(R)|PushButton4_0_BUFGP|   0.000|
o_color<8>  |   24.403(R)|PushButton4_0_BUFGP|   0.000|
o_color<9>  |   24.742(R)|PushButton4_0_BUFGP|   0.000|
------------+------------+-------------------+--------+

Clock i_clk40 to Pad
------------+------------+------------------+--------+
            | clk (edge) |                  | Clock  |
Destination |   to PAD   |Internal Clock(s) | Phase  |
------------+------------+------------------+--------+
HS          |    7.185(R)|clk40             |   0.000|
            |    8.613(R)|clk75             |   0.000|
o_color<0>  |   16.497(R)|clk40             |   0.000|
            |   19.728(R)|clk75             |   0.000|
o_color<1>  |   17.560(R)|clk40             |   0.000|
            |   20.791(R)|clk75             |   0.000|
o_color<2>  |   17.530(R)|clk40             |   0.000|
            |   20.761(R)|clk75             |   0.000|
o_color<3>  |   17.527(R)|clk40             |   0.000|
            |   20.758(R)|clk75             |   0.000|
o_color<4>  |   17.530(R)|clk40             |   0.000|
            |   20.761(R)|clk75             |   0.000|
o_color<5>  |   15.865(R)|clk40             |   0.000|
            |   19.096(R)|clk75             |   0.000|
o_color<6>  |   16.224(R)|clk40             |   0.000|
            |   19.455(R)|clk75             |   0.000|
o_color<7>  |   16.234(R)|clk40             |   0.000|
            |   19.465(R)|clk75             |   0.000|
o_color<8>  |   16.235(R)|clk40             |   0.000|
            |   19.466(R)|clk75             |   0.000|
o_color<9>  |   16.574(R)|clk40             |   0.000|
            |   19.805(R)|clk75             |   0.000|
------------+------------+------------------+--------+

Clock to Setup on destination clock PushButton4<0>
---------------+---------+---------+---------+---------+
               | Src:Rise| Src:Fall| Src:Rise| Src:Fall|
Source Clock   |Dest:Rise|Dest:Rise|Dest:Fall|Dest:Fall|
---------------+---------+---------+---------+---------+
PushButton4<0> |    5.036|         |         |         |
---------------+---------+---------+---------+---------+

Clock to Setup on destination clock i_clk40
---------------+---------+---------+---------+---------+
               | Src:Rise| Src:Fall| Src:Rise| Src:Fall|
Source Clock   |Dest:Rise|Dest:Rise|Dest:Fall|Dest:Fall|
---------------+---------+---------+---------+---------+
i_clk40        |    5.957|         |         |         |
---------------+---------+---------+---------+---------+

Pad to Pad
---------------+---------------+---------+
Source Pad     |Destination Pad|  Delay  |
---------------+---------------+---------+
Dipswitch2<0>  |HS             |    9.127|
Dipswitch2<0>  |VS             |    9.762|
Dipswitch2<0>  |o_color<0>     |   10.681|
Dipswitch2<0>  |o_color<1>     |   11.744|
Dipswitch2<0>  |o_color<2>     |   11.714|
Dipswitch2<0>  |o_color<3>     |   11.711|
Dipswitch2<0>  |o_color<4>     |   11.714|
Dipswitch2<0>  |o_color<5>     |   10.049|
Dipswitch2<0>  |o_color<6>     |   10.408|
Dipswitch2<0>  |o_color<7>     |   10.418|
Dipswitch2<0>  |o_color<8>     |   10.419|
Dipswitch2<0>  |o_color<9>     |   10.758|
Dipswitch2<1>  |HS             |    9.503|
Dipswitch2<1>  |VS             |   10.229|
Dipswitch2<1>  |o_color<0>     |   10.909|
Dipswitch2<1>  |o_color<1>     |   11.972|
Dipswitch2<1>  |o_color<2>     |   11.942|
Dipswitch2<1>  |o_color<3>     |   11.939|
Dipswitch2<1>  |o_color<4>     |   11.942|
Dipswitch2<1>  |o_color<5>     |   10.277|
Dipswitch2<1>  |o_color<6>     |   10.636|
Dipswitch2<1>  |o_color<7>     |   10.646|
Dipswitch2<1>  |o_color<8>     |   10.647|
Dipswitch2<1>  |o_color<9>     |   10.986|
---------------+---------------+---------+


Analysis completed Sun Jun 23 21:56:12 2019 
--------------------------------------------------------------------------------

Trace Settings:
-------------------------
Trace Settings 

Peak Memory Usage: 180 MB



