--------------------------------------------------------------------------------
Release 14.7 Trace  (nt64)
Copyright (c) 1995-2013 Xilinx, Inc.  All rights reserved.

f:\Xilinx\14.7\ISE_DS\ISE\bin\nt64\unwrapped\trce.exe -intstyle ise -v 3 -s 4
-n 3 -fastpaths -xml manage.twx manage.ncd -o manage.twr manage.pcf -ucf
FPGA.ucf -ucf DIPSwitch.ucf -ucf VGA.ucf -ucf BUTTON_SWITCH.ucf

Design file:              manage.ncd
Physical constraint file: manage.pcf
Device,package,speed:     xc3s400,pq208,-4 (PRODUCTION 1.39 2013-10-13)
Report level:             verbose report

Environment Variable      Effect 
--------------------      ------ 
NONE                      No environment variables were set
--------------------------------------------------------------------------------

INFO:Timing:2698 - No timing constraints found, doing default enumeration.
INFO:Timing:3412 - To improve timing, see the Timing Closure User Guide (UG612).
INFO:Timing:2752 - To get complete path coverage, use the unconstrained paths 
   option. All paths that are not constrained will be reported in the 
   unconstrained paths section(s) of the report.
INFO:Timing:3339 - The clock-to-out numbers in this timing report are based on 
   a 50 Ohm transmission line loading model.  For the details of this model, 
   and for more information on accounting for different loading conditions, 
   please see the device datasheet.
INFO:Timing:3390 - This architecture does not support a default System Jitter 
   value, please add SYSTEM_JITTER constraint to the UCF to modify the Clock 
   Uncertainty calculation.
INFO:Timing:3389 - This architecture does not support 'Discrete Jitter' and 
   'Phase Error' calculations, these terms will be zero in the Clock 
   Uncertainty calculation.  Please make appropriate modification to 
   SYSTEM_JITTER to account for the unsupported Discrete Jitter and Phase 
   Error.



Data Sheet report:
-----------------
All values displayed in nanoseconds (ns)

Clock i_clk40 to Pad
------------+------------+------------------+--------+
            | clk (edge) |                  | Clock  |
Destination |   to PAD   |Internal Clock(s) | Phase  |
------------+------------+------------------+--------+
HS          |    8.503(R)|clk40             |   0.000|
            |    7.815(R)|clk75             |   0.000|
o_color<0>  |   16.885(R)|clk40             |   0.000|
            |   17.352(R)|clk75             |   0.000|
o_color<1>  |   18.283(R)|clk40             |   0.000|
            |   18.750(R)|clk75             |   0.000|
o_color<2>  |   18.638(R)|clk40             |   0.000|
            |   19.105(R)|clk75             |   0.000|
o_color<3>  |   17.905(R)|clk40             |   0.000|
            |   18.372(R)|clk75             |   0.000|
o_color<4>  |   18.638(R)|clk40             |   0.000|
            |   19.105(R)|clk75             |   0.000|
o_color<5>  |   16.930(R)|clk40             |   0.000|
            |   17.397(R)|clk75             |   0.000|
o_color<6>  |   17.958(R)|clk40             |   0.000|
            |   18.425(R)|clk75             |   0.000|
o_color<7>  |   16.929(R)|clk40             |   0.000|
            |   17.396(R)|clk75             |   0.000|
o_color<8>  |   16.906(R)|clk40             |   0.000|
            |   17.373(R)|clk75             |   0.000|
o_color<9>  |   18.299(R)|clk40             |   0.000|
            |   18.766(R)|clk75             |   0.000|
------------+------------+------------------+--------+

Clock to Setup on destination clock i_clk40
---------------+---------+---------+---------+---------+
               | Src:Rise| Src:Fall| Src:Rise| Src:Fall|
Source Clock   |Dest:Rise|Dest:Rise|Dest:Fall|Dest:Fall|
---------------+---------+---------+---------+---------+
i_clk40        |    5.936|         |         |         |
---------------+---------+---------+---------+---------+

Pad to Pad
---------------+---------------+---------+
Source Pad     |Destination Pad|  Delay  |
---------------+---------------+---------+
Dipswitch2<0>  |HS             |    8.511|
Dipswitch2<0>  |VS             |    9.098|
Dipswitch2<0>  |o_color<0>     |   11.345|
Dipswitch2<0>  |o_color<1>     |   12.743|
Dipswitch2<0>  |o_color<2>     |   13.098|
Dipswitch2<0>  |o_color<3>     |   12.365|
Dipswitch2<0>  |o_color<4>     |   13.098|
Dipswitch2<0>  |o_color<5>     |   11.390|
Dipswitch2<0>  |o_color<6>     |   12.418|
Dipswitch2<0>  |o_color<7>     |   11.389|
Dipswitch2<0>  |o_color<8>     |   11.366|
Dipswitch2<0>  |o_color<9>     |   12.759|
Dipswitch2<1>  |HS             |    9.033|
Dipswitch2<1>  |VS             |    9.696|
Dipswitch2<1>  |o_color<0>     |   11.635|
Dipswitch2<1>  |o_color<1>     |   13.033|
Dipswitch2<1>  |o_color<2>     |   13.388|
Dipswitch2<1>  |o_color<3>     |   12.655|
Dipswitch2<1>  |o_color<4>     |   13.388|
Dipswitch2<1>  |o_color<5>     |   11.680|
Dipswitch2<1>  |o_color<6>     |   12.708|
Dipswitch2<1>  |o_color<7>     |   11.679|
Dipswitch2<1>  |o_color<8>     |   11.656|
Dipswitch2<1>  |o_color<9>     |   13.049|
---------------+---------------+---------+


Analysis completed Mon Jun 24 11:35:22 2019 
--------------------------------------------------------------------------------

Trace Settings:
-------------------------
Trace Settings 

Peak Memory Usage: 197 MB



